Mono path[0] = 'C:/Program Files (x86)/Steam/steamapps/common/RimWorld/RimWorldWin64_Data/Managed'
Mono config path = 'C:/Program Files (x86)/Steam/steamapps/common/RimWorld/MonoBleedingEdge/etc'
[PhysX] Initialized MultithreadedTaskDispatcher with 14 workers.
Initialize engine version: 2022.3.35f1 (011206c7a712)
[Subsystems] Discovering subsystems at path C:/Program Files (x86)/Steam/steamapps/common/RimWorld/RimWorldWin64_Data/UnitySubsystems
GfxDevice: creating device client; threaded=1; jobified=0
Direct3D:
    Version:  Direct3D 11.0 [level 11.1]
    Renderer: NVIDIA GeForce RTX 5080 (ID=0x2c02)
    Vendor:   NVIDIA
    VRAM:     15977 MB
    Driver:   32.0.15.9186
Begin MonoManager ReloadAssembly
- Loaded All Assemblies, in  1.429 seconds
- Finished resetting the current domain, in  0.001 seconds
<RI> Initializing input.
<RI> Input initialized.
<RI> Initialized touch support.
[PhysX] Initialized MultithreadedTaskDispatcher with 14 workers.
UnloadTime: 0.845100 ms
Command line arguments: -disable-compute-shaders
RimWorld 1.6.4871 rev591
Mod RimMandrake: Aftermath dependency (mandrake.rm.ninefold) needs to have <downloadUrl> and/or <steamWorkshopUrl> specified.
Mod RimUtinni: Aftermath Rites dependency (mandrake.rm.aftermath) needs to have <downloadUrl> and/or <steamWorkshopUrl> specified.
Mod RimMandrake: Utinni — Inhabited (Ash'karr) dependency (mandrake.rm.inhabited) needs to have <downloadUrl> and/or <steamWorkshopUrl> specified.
Mod RimMandrake: Utinni — Weather Suite (Ash'karr) dependency (mandrake.rsw.weathersuite) needs to have <downloadUrl> and/or <steamWorkshopUrl> specified.
Mod RimUtinni: Droid Repair Jobs dependency (mandrake.rsw.droidworks) needs to have <downloadUrl> and/or <steamWorkshopUrl> specified.
Mod Inhabited (local) dependency (mandrake.rm.injections) needs to have <downloadUrl> and/or <steamWorkshopUrl> specified.
Mod Jawa Ikee dependency (sarg.alphaanimals) needs to have <downloadUrl> and/or <steamWorkshopUrl> specified.
Mod JawaVoice (SpeakUp reskin) dependency (JPT.speakup) needs to have <downloadUrl> and/or <steamWorkshopUrl> specified.
Mod RimUtinni: Lantern Deeps dependency (BiomesTeam.BiomesCaverns) needs to have <downloadUrl> and/or <steamWorkshopUrl> specified.
Mod RimMandrake: Utinni — Fire Ecology (Pyrelands) dependency (zylle.morevanillabiomes) needs to have <downloadUrl> and/or <steamWorkshopUrl> specified.
Mod RimMandrake: Utinni — Fire Ecology (Pyrelands) dependency (mandrake.rsw.fireecology) needs to have <downloadUrl> and/or <steamWorkshopUrl> specified.
Mod The Rites dependency (mandrake.rut.antiquities) needs to have <downloadUrl> and/or <steamWorkshopUrl> specified.
Mod RimMandrake Sacred Marks dependency (mandrake.rm.graffiti) needs to have <downloadUrl> and/or <steamWorkshopUrl> specified.
Mod RimMandrake: Salvage Claim dependency (mandrake.rm.property) needs to have <downloadUrl> and/or <steamWorkshopUrl> specified.
Mod RimUtinni: Structure Injections dependency (mandrake.rut.desertfixtures) needs to have <downloadUrl> and/or <steamWorkshopUrl> specified.
Mod RimUtinni: Structure Injections dependency (mandrake.rm.injections) needs to have <downloadUrl> and/or <steamWorkshopUrl> specified.
Mod RimStarWars: Structure Injections dependency (mandrake.rm.injections) needs to have <downloadUrl> and/or <steamWorkshopUrl> specified.
Mod RimMandrake: Theft Hauler <packageId> (mandrake.rm.theft_hauler) is not in valid format.
Mod RimMandrake: Theft Hauler dependency (mandrake.rm.property) needs to have <downloadUrl> and/or <steamWorkshopUrl> specified.
Mod RimUtinni: Vault Dungeons dependency (OskarPotocki.VanillaFactionsExpanded.Core) needs to have <downloadUrl> and/or <steamWorkshopUrl> specified.
Mod RimMandrake: Colony Visibility dependency (brrainz.harmony) needs to have <downloadUrl> and/or <steamWorkshopUrl> specified.
Mod RimTalk Expand: AI Storyteller dependency (cyberchronicle.rimtalkexperts) needs to have <downloadUrl> and/or <steamWorkshopUrl> specified.
Mod RimTalk Expand: AI Storyteller dependency (brrainz.harmony) needs to have <downloadUrl> and/or <steamWorkshopUrl> specified.
Mod Custom Room Names - RimTalk Addon dependency (cj.Rimtalk) needs to have <downloadUrl> and/or <steamWorkshopUrl> specified.
Mod Custom Room Names - RimTalk Addon dependency (costel.CustomRoomNames) needs to have <downloadUrl> and/or <steamWorkshopUrl> specified.
Mod RimTalk - Expand Literature dependency (cj.rimtalk) needs to have <downloadUrl> and/or <steamWorkshopUrl> specified.
Mod RimTalk - Expand Toddlers dependency (cyanobot.toddlers) needs to have <downloadUrl> and/or <steamWorkshopUrl> specified.
Mod RimTalk - Expand Toddlers dependency (cj.rimtalk) needs to have <downloadUrl> and/or <steamWorkshopUrl> specified.
Mod Large Pawns dependency (brrainz.harmony) needs to have <downloadUrl> and/or <steamWorkshopUrl> specified.
Mod Wood's Muzzle Flash for Ancient urban ruins has a dependency (issaczhuang.muzzleflash) with empty display name.
Mod Wood's Muzzle Flash for Ancient urban ruins dependency (issaczhuang.muzzleflash) needs to have <downloadUrl> and/or <steamWorkshopUrl> specified.
Mod Wood's Muzzle Flash for Ancient urban ruins has a dependency (xmb.ancienturbanruins.mo) with empty display name.
Mod Wood's Muzzle Flash for Ancient urban ruins dependency (xmb.ancienturbanruins.mo) needs to have <downloadUrl> and/or <steamWorkshopUrl> specified.
Mod Forced Xenogerm Implantation dependency (brrainz.harmony) needs to have <downloadUrl> and/or <steamWorkshopUrl> specified.
Exception loading from System.Xml.XmlElement: System.MissingMethodException: Default constructor not found for type System.String
  at System.RuntimeType.CreateInstanceMono (System.Boolean nonPublic, System.Boolean wrapExceptions) [0x00076] in <51fded79cd284d4d911c5949aff4cb21>:0 
  at System.RuntimeType.CreateInstanceSlow (System.Boolean publicOnly, System.Boolean wrapExceptions, System.Boolean skipCheckThis, System.Boolean fillCache) [0x00009] in <51fded79cd284d4d911c5949aff4cb21>:0 
  at System.RuntimeType.CreateInstanceDefaultCtor (System.Boolean publicOnly, System.Boolean skipCheckThis, System.Boolean fillCache, System.Boolean wrapExceptions, System.Threading.StackCrawlMark& stackMark) [0x00027] in <51fded79cd284d4d911c5949aff4cb21>:0 
  at System.Activator.CreateInstance (System.Type type, System.Boolean nonPublic, System.Boolean wrapExceptions) [0x00020] in <51fded79cd284d4d911c5949aff4cb21>:0 
  at System.Activator.CreateInstance (System.Type type, System.Boolean nonPublic) [0x00000] in <51fded79cd284d4d911c5949aff4cb21>:0 
  at System.Activator.CreateInstance (System.Type type) [0x00000] in <51fded79cd284d4d911c5949aff4cb21>:0 
  at Verse.DirectXmlToObject.ObjectFromXml[T] (System.Xml.XmlNode xmlRoot, System.Boolean doPostLoad) [0x0045c] in <61e4173561894da49d210260257b5097>:0 
  at Verse.DirectXmlToObject.ObjectFromXmlReflection[T] (System.Xml.XmlNode xmlRoot, System.Boolean doPostLoad) [0x00000] in <61e4173561894da49d210260257b5097>:0 
  at Verse.DirectXmlToObject.ObjectFromXml[T] (System.Xml.XmlNode xmlRoot, System.Boolean doPostLoad) [0x0060e] in <61e4173561894da49d210260257b5097>:0 
Fallback handler could not load library C:/Program Files (x86)/Steam/steamapps/common/RimWorld/RimWorldWin64_Data/MonoBleedingEdge/data-000002165B0B9070.dll
Fallback handler could not load library C:/Program Files (x86)/Steam/steamapps/common/RimWorld/RimWorldWin64_Data/MonoBleedingEdge/data-000002165B28C1E0.dll
[RimBridge] STARTUP_TIMING phase=main-thread.initialize durationMs=0 elapsedMs=0
[RimBridge] Applied essential Harmony patches.
[RimBridge] Applied 56 optional Harmony patch classes.
[RimBridge] STARTUP_TIMING phase=harmony.startup-patches durationMs=120 elapsedMs=120
[RimBridge] STARTUP_TIMING phase=startup.on-mod-constructed durationMs=0 elapsedMs=120
[RimBridge] STARTUP_TIMING phase=mod-constructor.total durationMs=120 elapsedMs=120
1.6.9701 ::
<color=#00FFFFFF>:: Outer Rim - Core ::</color> 1.6.9306 ::
Error while instantiating a mod of type OuterRimCore.OuterRimCoreMod: System.Reflection.TargetInvocationException: Exception has been thrown by the target of an invocation. ---> System.NullReferenceException: Object reference not set to an instance of an object
[Ref D3840D9A]
  at OuterRimCore.OuterRimCoreMod.get_VersionDir () [0x0000b] in <f175bbca770d41f481b7d51826e7d2dd>:0 
OuterRimCore.OuterRimCoreMod..ctor(ModContentPack content)
(wrapper managed-to-native) System.Reflection.RuntimeConstructorInfo.InternalInvoke(System.Reflection.RuntimeConstructorInfo,object,object[],System.Exception&)
  at System.Reflection.RuntimeConstructorInfo.InternalInvoke (System.Object obj, System.Object[] parameters, System.Boolean wrapExceptions) [0x00005] in <51fded79cd284d4d911c5949aff4cb21>:0 
   --- End of inner exception stack trace ---
[Ref 63660D84]
  at System.Reflection.RuntimeConstructorInfo.InternalInvoke (System.Object obj, System.Object[] parameters, System.Boolean wrapExceptions) [0x0001a] in <51fded79cd284d4d911c5949aff4cb21>:0 
  at System.Reflection.RuntimeConstructorInfo.DoInvoke (System.Object obj, System.Reflection.BindingFlags invokeAttr, System.Reflection.Binder binder, System.Object[] parameters, System.Globalization.CultureInfo culture) [0x00086] in <51fded79cd284d4d911c5949aff4cb21>:0 
  at System.Reflection.RuntimeConstructorInfo.Invoke (System.Reflection.BindingFlags invokeAttr, System.Reflection.Binder binder, System.Object[] parameters, System.Globalization.CultureInfo culture) [0x00000] in <51fded79cd284d4d911c5949aff4cb21>:0 
  at System.RuntimeType.CreateInstanceImpl (System.Reflection.BindingFlags bindingAttr, System.Reflection.Binder binder, System.Object[] args, System.Globalization.CultureInfo culture, System.Object[] activationAttributes, System.Threading.StackCrawlMark& stackMark) [0x0022b] in <51fded79cd284d4d911c5949aff4cb21>:0 
  at System.Activator.CreateInstance (System.Type type, System.Reflection.BindingFlags bindingAttr, System.Reflection.Binder binder, System.Object[] args, System.Globalization.CultureInfo culture, System.Object[] activationAttributes) [0x0009c] in <51fded79cd284d4d911c5949aff4cb21>:0 
  at System.Activator.CreateInstance (System.Type type, System.Object[] args) [0x00000] in <51fded79cd284d4d911c5949aff4cb21>:0 
  at Verse.LoadedModManager.CreateModClasses () [0x00085] in <61e4173561894da49d210260257b5097>:0 
XML error: <inSignal>site.RUT_SleepersWoken</inSignal> doesn't correspond to any field in type QuestNode_SendSignals. Context: <li Class="QuestNode_SendSignals"><inSignal>site.RUT_SleepersWoken</inSignal><outSignals><li>SleepersTouched</li></outSignals></li>
XML error: <inSignal>site.RUT_SleepersLooted</inSignal> doesn't correspond to any field in type QuestNode_SendSignals. Context: <li Class="QuestNode_SendSignals"><inSignal>site.RUT_SleepersLooted</inSignal><outSignals><li>SleepersTouched</li></outSignals></li>
Could not resolve cross-reference to Verse.ThingDef named OuterRim_StormtrooperHelmet (wanter=apparel)
Could not resolve cross-reference to Verse.ThingDef named guy762_Headband_rebreathermask (wanter=apparel)
Could not resolve cross-reference to Verse.ThingDef named SurvivalTools_Multitool (wanter=items)
Could not resolve cross-reference to Verse.ThingDef named guy762_Headband_rebreathermask (wanter=apparel)
Could not resolve cross-reference: No Verse.ThingDef named DV_MeleeWeapon_SerratedScimitar found to give to RimMandrake.Inhabited.CharacterDef Inhabited_Hutt_MargraveSarrick
Could not resolve cross-reference: No Verse.ThingDef named OuterRim_DLT19XTargetingBlaster found to give to RimMandrake.Inhabited.CharacterDef Inhabited_Empire_TrooperBoAnder
Could not resolve cross-reference: No Verse.ThingDef named Force_Lightsaber_Inquisitor found to give to RimMandrake.Inhabited.CharacterDef Inhabited_Empire_InquisitorVaunt
Could not resolve cross-reference: No RimWorld.ResearchTabDef named RUT_Tree_Unbolting found to give to Verse.ResearchProjectDef RSW_DW_Research_Bolting
Could not resolve cross-reference: No RimWorld.ResearchTabDef named RUT_Tree_Unbolting found to give to Verse.ResearchProjectDef RSW_DW_Research_Spiking
Could not resolve cross-reference: No RimWorld.ResearchTabDef named RUT_Tree_Unbolting found to give to Verse.ResearchProjectDef RSW_DW_Research_ShopRepair
Could not resolve cross-reference: No RimWorld.ResearchTabDef named RUT_Tree_Unbolting found to give to Verse.ResearchProjectDef RSW_DW_Research_Reassembly
Could not resolve cross-reference: No Verse.ThingDef named GS_Gaffi found to give to RimMandrake.Inhabited.CharacterDef Inhabited_Tusken_GhurrVex
Could not resolve cross-reference to Verse.ThingDef named guy762_TuskenMask (wanter=apparel)
Could not resolve cross-reference: No Verse.ThingDef named OuterRim_A280Blaster found to give to RimMandrake.Inhabited.CharacterDef Inhabited_Wildsteam_BoKesh
Could not resolve cross-reference to Verse.ThingDef named guy762_Headband_rebreathermask (wanter=apparel)
Could not resolve cross-reference: No Verse.ThingDef named OuterRim_DLT19HeavyBlasterRifle found to give to RimMandrake.Inhabited.CharacterDef Inhabited_Droids_CaptainFourteen
Could not resolve cross-reference: No Verse.ThingDef named OuterRim_DLT19HeavyBlasterRifle found to give to RimMandrake.Inhabited.CharacterDef Inhabited_Droids_Wallop
Could not resolve cross-reference: No RimWorld.ResearchTabDef named RUT_Tree_Unbolting found to give to Verse.ResearchProjectDef RSW_DW_Research_PrimitiveFabrication
Could not resolve cross-reference: No RimWorld.ResearchTabDef named RUT_Tree_Unbolting found to give to Verse.ResearchProjectDef RSW_DW_Research_Formatting
Could not resolve cross-reference: No RimWorld.StatDef named EBSG_SkillLossRate found to give to RimWorld.StatModifier (null stat)
Could not resolve cross-reference: No RimWorld.ResearchTabDef named RUT_Tree_Unbolting found to give to Verse.ResearchProjectDef RSW_DW_Research_Reboot
Failed to find Verse.PawnKindDef named RSW_DW_OuterRim_AstromechDroid. There are 389 defs of this type loaded.
Config error in RUT_GiveQuest_VaultThaw_V1_RustCathedral: quest is run from both incident and random quest.
Config error in RUT_GiveQuest_VaultThaw_V2_Scorch: quest is run from both incident and random quest.
Config error in RUT_GiveQuest_VaultThaw_V3_FallLine: quest is run from both incident and random quest.
Config error in RUT_GiveQuest_VaultThaw_V4_Deadstone: quest is run from both incident and random quest.
Config error in RUT_GiveQuest_VaultThaw_V5_Slough: quest is run from both incident and random quest.
Config error in RUT_GiveQuest_VaultThaw_V6_Umbra: quest is run from both incident and random quest.
Config error in RSW_DW_Module_DroidArmorHvy: is smeltable but does not give anything for smelting.
Config error in RSW_DW_Module_DroidArmorHvy: is smeltable but does not give anything for smelting.
Config error in RSW_DW_Module_DroidArmorLte: is smeltable but does not give anything for smelting.
Config error in RSW_DW_Module_DroidArmorLte: is smeltable but does not give anything for smelting.
Config error in RSW_DW_Module_DroidArmorMid: is smeltable but does not give anything for smelting.
Config error in RSW_DW_Module_DroidArmorMid: is smeltable but does not give anything for smelting.
Translation data for language English has 30 errors. Generate translation report for more info.
KCSG has Created 7272 symbolDefs for vanilla and DLCs
[RimMandrake.Inhabited] ready: 2 patches, 294 characters, 4 places, 0 casts.
Alien race successfully completed 280 patches (50 pre, 82 post, 148 trans) with harmony.
Unloading 5 Unused Serialized files (Serialized files now loaded: 8)
MVCF successfully applied 0 patches
Unloading 158 unused Assets to reduce memory usage. Loaded Objects now: 31460.
Total: 164.076400 ms (FindLiveObjects: 1.960100 ms CreateObjectMapping: 1.053500 ms MarkObjects: 160.558100 ms  DeleteObjects: 0.504300 ms)

[RimBridge] Startup conditions satisfied after play-data load; initializing bridge services.
[RimBridge] Applied 6 late virtual-input patch classes.
[RimBridge] STARTUP_TIMING phase=late-input-patches durationMs=20 elapsedMs=26211
[RimBridge] STARTUP_TIMING phase=capabilities.initialize durationMs=484 elapsedMs=26695
[RimBridge] STARTUP_TIMING phase=logs.initialize durationMs=0 elapsedMs=26695
[RimBridge] STARTUP_TIMING phase=application.run-in-background durationMs=0 elapsedMs=26696
[RimBridge] STARTUP_TIMING phase=debug.playback-defaults durationMs=0 elapsedMs=26696
[RimBridge] STARTUP_TIMING phase=tools.construct durationMs=0 elapsedMs=26696
[RimBridge] STARTUP_TIMING phase=gabp.builder.configure durationMs=1 elapsedMs=26697
[RimBridge] STARTUP_TIMING phase=gabp.server.build durationMs=1 elapsedMs=26698
[RimBridge] STARTUP_TIMING phase=tools.register-core durationMs=3 elapsedMs=26701
[RimBridge] STARTUP_TIMING phase=tools.register-extensions durationMs=0 elapsedMs=26701
[RimBridge] STARTUP_TIMING phase=event-relay.initialize durationMs=1 elapsedMs=26702
[RimBridge] STARTUP_TIMING phase=attention.initialize durationMs=0 elapsedMs=26704
[RimBridge] STARTUP_TIMING phase=gabp.server.start-submit durationMs=82 elapsedMs=26787
[RimBridge] STARTUP_TIMING phase=bridge-start.total durationMs=576 elapsedMs=26787
[RimBridge] STARTUP_TIMING phase=gabp.server.start-async durationMs=82 elapsedMs=26787
[RimBridge] GABP server running standalone on port 5174
[RimBridge] Bridge token: 5f9709f21dbc43f7af763feb5c25a4f7
Direct3D: detected that using refresh rate causes time drift. Will stop trusting refresh rate until the game window is moved.
Accessing TicksAbs but gameStartAbsTick is not set yet (you most likely want to use GenTicks.TicksAbs instead).
Unloading 3 Unused Serialized files (Serialized files now loaded: 8)
[PhysX] Initialized MultithreadedTaskDispatcher with 14 workers.
UnloadTime: 0.720100 ms
Unloading 2 unused Assets to reduce memory usage. Loaded Objects now: 31658.
Total: 155.983100 ms (FindLiveObjects: 1.446900 ms CreateObjectMapping: 1.033600 ms MarkObjects: 153.445100 ms  DeleteObjects: 0.057100 ms)

Initializing new game with mods:
  - brrainz.harmony
  - Ludeon.RimWorld
  - Ludeon.RimWorld.Royalty
  - Ludeon.RimWorld.Ideology
  - Ludeon.RimWorld.Biotech
  - Ludeon.RimWorld.Anomaly
  - Ludeon.RimWorld.Odyssey
  - OskarPotocki.VanillaFactionsExpanded.Core
  - brrainz.rimbridgeserver
  - 7f.alienworlds
  - 7f.alienworlds.tidallylocked
  - sarg.alphabiomes
  - Oblitus.MyLittlePlanet
  - mandrake.rm.inhabited
  - neronix17.toolbox
  - Neronix17.OuterRim.Core
  - erdelf.HumanoidAlienRaces
  - mandrake.rsw.ionweapons
  - mandrake.rsw.droidworks
  - mandrake.rm.fluidcanals
  - mandrake.rut.shipmemory
  - mandrake.rut.vaultdungeons
  - rw.mod.simplestairs
  - Kutte.Stairs
  - Mlie.DecorativeCliffs
Unloading 0 Unused Serialized files (Serialized files now loaded: 8)
Unloading 1 unused Assets to reduce memory usage. Loaded Objects now: 36931.
Total: 168.904500 ms (FindLiveObjects: 1.129700 ms CreateObjectMapping: 1.197500 ms MarkObjects: 166.474000 ms  DeleteObjects: 0.103100 ms)

[JawaBench] ready: 315 tools, build dd4b9ba201b1
[JawaBench] argument guard installed on RimBridgeServer.AnnotatedExtensionCapabilityProvider.BindArguments - a tool argument matching no declared parameter is now RECORDED (not refused; strict mode is opt-in).
[JawaBench] log auto-open suppressor installed on Verse.Log.TryOpenLogWindow - suppressed=True. The debug menu's manual log window is a separate code path and is unaffected.
[JawaBench] context: modSet 25/9658384c, toolSet 1c677d93, defDump ARMED, engine 1.6.4871 rev591
